
> insurance-dashboard@1.0.2 dev
> vite --host 127.0.0.1


  [32m[1mVITE[22m v5.4.21[39m  [2mready in [0m[1m742[22m[2m[0m ms[22m

  [32m➜[39m  [1mLocal[22m:   [36mhttp://127.0.0.1:[1m5173[22m/[39m
[2m12:38:02 PM[22m [36m[1m[vite][22m[39m [32mhmr update [39m[2m/src/components/ApiAssertionsPanel.jsx, /src/index.css[22m
[2m12:38:02 PM[22m [36m[1m[vite][22m[39m [32mhmr update [39m[2m/src/App.jsx, /src/index.css, /src/components/PolicyPanel.jsx, /src/components/LoginPage.jsx, /src/components/RegisterPage.jsx, /src/components/JobsPanel.jsx, /src/components/ChatPanel.jsx, /src/components/ApiAssertionsPanel.jsx, /src/components/ReportModal.jsx[22m
[2m12:38:02 PM[22m [36m[1m[vite][22m[39m [32mhmr update [39m[2m/src/components/ApiAssertionsPanel.jsx, /src/index.css[22m
[2m12:38:02 PM[22m [36m[1m[vite][22m[39m [32mhmr update [39m[2m/src/components/ChatPanel.jsx, /src/index.css[22m
[2m12:38:02 PM[22m [36m[1m[vite][22m[39m [32mhmr update [39m[2m/src/components/JobsPanel.jsx, /src/index.css[22m
[2m12:38:02 PM[22m [36m[1m[vite][22m[39m [32mhmr update [39m[2m/src/components/ReportModal.jsx, /src/index.css[22m
[2m12:38:02 PM[22m [36m[1m[vite][22m[39m [32mhmr update [39m[2m/src/index.css[22m
[2m12:38:02 PM[22m [36m[1m[vite][22m[39m [32mhmr update [39m[2m/src/App.jsx, /src/index.css, /src/components/OverviewPanel.jsx, /src/components/JobsPanel.jsx[22m
[2m12:38:02 PM[22m [36m[1m[vite][22m[39m [32mhmr update [39m[2m/src/index.css, /src/components/OverviewPanel.jsx, /src/components/JobsPanel.jsx, /src/components/ReportModal.jsx[22m
[2m12:38:10 PM[22m [36m[1m[vite][22m[39m [33mhmr invalidate [39m[2m/src/components/JobsPanel.jsx[22m Could not Fast Refresh ("rerunJob" export is incompatible). Learn more at https://github.com/vitejs/vite-plugin-react/tree/main/packages/plugin-react#consistent-components-exports
[2m12:38:10 PM[22m [36m[1m[vite][22m[39m [32mhmr update [39m[2m/src/App.jsx, /src/index.css[22m
[2m9:58:04 AM[22m [36m[1m[vite][22m[39m [32mhmr update [39m[2m/src/App.jsx, /src/index.css[22m
[2m9:58:06 AM[22m [36m[1m[vite][22m[39m [32mhmr update [39m[2m/src/components/ApiAssertionsPanel.jsx, /src/index.css[22m
[2m11:13:43 AM[22m [36m[1m[vite][22m[39m [32mhmr update [39m[2m/src/index.css, /src/components/JobsPanel.jsx, /src/components/ReportModal.jsx[22m
[2m11:13:46 AM[22m [36m[1m[vite][22m[39m [33mhmr invalidate [39m[2m/src/components/JobsPanel.jsx[22m Could not Fast Refresh ("rerunJob" export is incompatible). Learn more at https://github.com/vitejs/vite-plugin-react/tree/main/packages/plugin-react#consistent-components-exports
[2m11:13:46 AM[22m [36m[1m[vite][22m[39m [32mhmr update [39m[2m/src/App.jsx, /src/index.css[22m
[2m11:13:54 AM[22m [36m[1m[vite][22m[39m [32mhmr update [39m[2m/src/components/JobsPanel.jsx, /src/index.css[22m
[2m11:13:54 AM[22m [36m[1m[vite][22m[39m [33mhmr invalidate [39m[2m/src/components/JobsPanel.jsx[22m Could not Fast Refresh ("rerunJob" export is incompatible). Learn more at https://github.com/vitejs/vite-plugin-react/tree/main/packages/plugin-react#consistent-components-exports
[2m11:13:54 AM[22m [36m[1m[vite][22m[39m [32mhmr update [39m[2m/src/App.jsx, /src/index.css[22m
[2m11:14:01 AM[22m [36m[1m[vite][22m[39m [32mhmr update [39m[2m/src/components/OverviewPanel.jsx, /src/index.css[22m
[2m2:30:36 PM[22m [36m[1m[vite][22m[39m [32mhmr update [39m[2m/src/index.css, /src/components/JobsPanel.jsx, /src/components/ReportModal.jsx, /src/components/OverviewPanel.jsx[22m
[2m2:30:40 PM[22m [36m[1m[vite][22m[39m [33mhmr invalidate [39m[2m/src/components/JobsPanel.jsx[22m Could not Fast Refresh ("rerunJob" export is incompatible). Learn more at https://github.com/vitejs/vite-plugin-react/tree/main/packages/plugin-react#consistent-components-exports
[2m2:30:40 PM[22m [36m[1m[vite][22m[39m [32mhmr update [39m[2m/src/App.jsx, /src/index.css[22m
[2m2:35:16 PM[22m [36m[1m[vite][22m[39m [32mhmr update [39m[2m/src/index.css, /src/components/JobsPanel.jsx, /src/components/ReportModal.jsx, /src/components/OverviewPanel.jsx[22m
[2m2:35:32 PM[22m [36m[1m[vite][22m[39m [33mhmr invalidate [39m[2m/src/components/JobsPanel.jsx[22m Could not Fast Refresh ("rerunJob" export is incompatible). Learn more at https://github.com/vitejs/vite-plugin-react/tree/main/packages/plugin-react#consistent-components-exports
[2m2:35:32 PM[22m [36m[1m[vite][22m[39m [32mhmr update [39m[2m/src/App.jsx, /src/index.css[22m
[2m2:35:55 PM[22m [36m[1m[vite][22m[39m [32mhmr update [39m[2m/src/index.css, /src/components/JobsPanel.jsx, /src/components/ReportModal.jsx, /src/components/OverviewPanel.jsx[22m
[2m2:36:54 PM[22m [36m[1m[vite][22m[39m [33mhmr invalidate [39m[2m/src/components/JobsPanel.jsx[22m Could not Fast Refresh ("rerunJob" export is incompatible). Learn more at https://github.com/vitejs/vite-plugin-react/tree/main/packages/plugin-react#consistent-components-exports
[2m2:36:54 PM[22m [36m[1m[vite][22m[39m [32mhmr update [39m[2m/src/App.jsx, /src/index.css[22m
